﻿
> job@0.0.0 build
> vite build

[36mvite v7.3.1 [32mbuilding client environment for production...[36m[39m
transforming...
[32mÔ£ô[39m 1970 modules transformed.
node.exe : [31mÔ£ù[39m Build failed in 2.27s
At line:1 char:1
+ & "C:\Program Files\nodejs/node.exe" "C:\Users\TKJSR\AppData\Roaming\ ...
+ ~~~~~~~~~~~~~~~~~~~~~~~~~~~~~~~~~~~~~~~~~~~~~~~~~~~~~~~~~~~~~~~~~~~~~
    + CategoryInfo          : NotSpecified: ([31mÔ£ù[39m Build failed in 2.27s:String) [], Re 
   moteException
    + FullyQualifiedErrorId : NativeCommandError
 
[31merror during build:
[31msrc/components/JobSearchTab.jsx (14:13): "isEnglish" is not exported by 
"src/lib/utils.js", imported by "src/components/JobSearchTab.jsx".[31m
file: [36mC:/Users/TKJSR/Desktop/JOB/src/components/JobSearchTab.jsx:14:13[31m
[33m
12: import { calcATSScore, detectRoleGroup } from '../lib/ats';
13: import { useDebounce } from '../hooks/useHooks';
14: import { cn, isEnglish } from '../lib/utils';
                 ^
15: 
16: // ===== NORMALIZE API RESPONSES =====
[31m
    at getRollupError 
(file:///C:/Users/TKJSR/Desktop/JOB/node_modules/rollup/dist/es/shared/parseAst.js:402:41)
    at error 
(file:///C:/Users/TKJSR/Desktop/JOB/node_modules/rollup/dist/es/shared/parseAst.js:398:42)
    at Module.error 
(file:///C:/Users/TKJSR/Desktop/JOB/node_modules/rollup/dist/es/shared/node-entry.js:17040:16)
    at Module.traceVariable 
(file:///C:/Users/TKJSR/Desktop/JOB/node_modules/rollup/dist/es/shared/node-entry.js:17452:29)
    at ModuleScope.findVariable 
(file:///C:/Users/TKJSR/Desktop/JOB/node_modules/rollup/dist/es/shared/node-entry.js:15070:39)
    at FunctionScope.findVariable 
(file:///C:/Users/TKJSR/Desktop/JOB/node_modules/rollup/dist/es/shared/node-entry.js:5673:38)
    at FunctionBodyScope.findVariable 
(file:///C:/Users/TKJSR/Desktop/JOB/node_modules/rollup/dist/es/shared/node-entry.js:5673:38)
    at ReturnValueScope.findVariable 
(file:///C:/Users/TKJSR/Desktop/JOB/node_modules/rollup/dist/es/shared/node-entry.js:5673:38)
    at FunctionBodyScope.findVariable 
(file:///C:/Users/TKJSR/Desktop/JOB/node_modules/rollup/dist/es/shared/node-entry.js:5673:38)
    at ReturnValueScope.findVariable (file:///C:/Users/TKJSR/Desktop/JOB/node_modules/rollup/dis
t/es/shared/node-entry.js:5673:38)[39m
